Total sentences: 900

Need to generate: 701

[200] Generating: Mr. Smith is still in his fifties....
[200] ✓ OK
[201] Generating: Im two years older than you are....
[201] ✓ OK
[202] Generating: My brother is two years younger than I am....
[202] ✓ OK
[203] Generating: How many are there in your family?...
[203] ✓ OK
[204] Generating: There are seven of us altogether....
[204] ✓ OK
[205] Generating: My sister is the oldest....
[205] ✓ OK
[206] Generating: Im the youngest....
[206] ✓ OK
[207] Generating: Guess how old I am....
[207] ✓ OK
[208] Generating: Id say youre about twenty-three....
[208] ✓ OK
[209] Generating: I was thirty on my last birthday....
[209] ✓ OK
[210] Generating: Im going to be sixty-one next Tuesday....
[210] ✓ OK
[211] Generating: What time do you get up every day?...
[211] ✓ OK
[212] Generating: I usually wake up early....
[212] ✓ OK
[213] Generating: I get up at 6 oclock every day....
[213] ✓ OK
[214] Generating: My brother gets up later than I do....
[214] ✓ OK
[215] Generating: After I get dressed, I have breakfast....
[215] ✓ OK
[216] Generating: Usually, I have a big breakfast....
[216] ✓ OK
[217] Generating: I have juice, cereal, toast and coffee for breakfa...
[217] ✓ OK
[218] Generating: I leave the house at eight a.m. each day....
[218] ✓ OK
[219] Generating: I get to work at nine oclock every morning....
[219] ✓ OK
[220] Generating: I work hard all morning....
[220] ✓ OK
[221] Generating: I go out for lunch at about 12:30....
[221] ✓ OK
[222] Generating: I finish working at 5:45 p.m....
[222] ✓ OK
[223] Skip (exists)
[224] Generating: Before I eat dinner, I read the newspaper for a wh...
[224] ✓ OK
[225] Generating: I usually go to bed at about midnight....
[225] ✓ OK
[226] Generating: What time did you get up yesterday morning?...
[226] ✓ OK
[227] Generating: I woke up early and got up at 6 oclock....
[227] ✓ OK
[228] Generating: My brother got up earlier than I did....
[228] ✓ OK
[229] Generating: Did you get dressed right away?...
[229] ✓ OK
[230] Skip (exists)
[231] Generating: What kind of breakfast did you have?...
[231] ✓ OK
[232] Skip (exists)
[233] Generating: I left the house at 8 oclock and got to work at 8:...
[233] ✓ OK
[234] Generating: Did you work all day?...
[234] Failed (code=0): 
[235] Generating: Yes, I worked from early morning until late at nig...
[235] ✓ OK
[236] Generating: At noon I had lunch with a friend of mine....
[236] ✓ OK
[237] Generating: I finished working at 5:30 and went home....
[237] ✓ OK
[238] Skip (exists)
[239] Generating: I went to bed at 11:30 p.m....
[239] ✓ OK
[240] Generating: I went to sleep immediately and slept soundly all ...
[240] ✓ OK
[241] Generating: Where did you go yesterday?...
[241] ✓ OK
[242] Generating: I went to see a friend of mine....
[242] ✓ OK
[243] Generating: Did you see Mr . Jones yesterday?...
[243] ✓ OK
[244] Generating: I didnt see Mr. Jones, but I saw John Smith....
[244] ✓ OK
[245] Generating: What did you talk about?...
[245] ✓ OK
[246] Generating: We talked about a lot of things....
[246] ✓ OK
[247] Generating: I asked him a lot of questions....
[247] ✓ OK
[248] Generating: What did you ask him?...
[248] ✓ OK
[249] Generating: I asked him if he spoke English....
[249] ✓ OK
[250] Generating: He said he spoke a little English....
[250] ✓ OK
[251] Generating: Then I asked him if he knew anybody in New York....
[251] ✓ OK
[252] Generating: He said he knew a lot of people there....
[252] ✓ OK
[253] Generating: Finally, I asked him how old he was....
[253] ✓ OK
[254] Generating: He said he would rather not tell his age....
[254] ✓ OK
[255] Generating: He answered almost all of my questions....
[255] ✓ OK
[256] Generating: What time did you use to get up last year?...
[256] ✓ OK
[257] Generating: I used to wake up early and get up at 7 oclock....
[257] ✓ OK
[258] Generating: I used to set my alarm clock for exactly 7 a.m....
[258] ✓ OK
[259] Generating: I never used to oversleep....
[259] ✓ OK
[260] Generating: I used to get dressed quickly every morning....
[260] ✓ OK
[261] Generating: I always used to leave for work at 8:30. 3...
[261] ✓ OK
[262] Generating: I used to start working at 9:00 oclock every day....
[262] ✓ OK
[263] Generating: I used to have lunch every day at the same time....
[263] ✓ OK
[264] Generating: I used to work until nearly 6:00 oclock each day....
[264] ✓ OK
[265] Generating: I used to have dinner at 7:30 and go to bed early....
[265] ✓ OK
[266] Generating: My brother and I used to go a lot of places togeth...
[266] ✓ OK
[267] Generating: We used to go to the movies about once a week....
[267] ✓ OK
[268] Generating: We used to have a lot of interesting friends....
[268] ✓ OK
[269] Generating: My brother used to speak French to me all the time...
[269] ✓ OK
[270] Generating: I always used to ask him a lot of questions....
[270] ✓ OK
[271] Generating: Where do you live?...
[271] ✓ OK
[272] Generating: I live on Washington Street....
[272] ✓ OK
[273] Generating: Whats your address?...
[273] ✓ OK
[274] Generating: I live at 1203 Washington Street....
[274] ✓ OK
[275] Generating: Im Mr. Smiths next door neighbor....
[275] ✓ OK
[276] Generating: You live here in the city, dont you?...
[276] ✓ OK
[277] Generating: Im from out of town....
[277] ✓ OK
[278] Generating: How long have you lived here?...
[278] ✓ OK
[279] Generating: Ive lived here for five years....
[279] ✓ OK
[280] Generating: Hes known me for over ten years....
[280] ✓ OK
[281] Generating: Ive spoken English all my life....
[281] ✓ OK
[282] Generating: Ive already read that book....
[282] ✓ OK
[283] Generating: Has he studied French very long?...
[283] ✓ OK
[284] Generating: Have you had breakfast already?...
[284] ✓ OK
[285] Generating: Yes, I had breakfast two hours ago....
[285] ✓ OK
[286] Generating: Where were you yesterday afternoon?...
[286] ✓ OK
[287] Generating: I was at home all afternoon....
[287] ✓ OK
[288] Generating: I was writing some letters to friends of mine....
[288] ✓ OK
[289] Generating: What were you doing at about 4 oclock yesterday af...
[289] ✓ OK
[290] Generating: I was listening to the radio....
[290] ✓ OK
[291] Generating: What were you doing when I called you on the telep...
[291] ✓ OK
[292] Generating: When you called me, I was eating dinner....
[292] ✓ OK
[293] Generating: When I saw Mr. Jones, he was talking with John Smi...
[293] ✓ OK
[294] Generating: While you were writing letters, I was reading a bo...
[294] ✓ OK
[295] Generating: While we were having breakfast , John was talking ...
[295] ✓ OK
[296] Generating: Can you guess what I was doing this morning?...
[296] ✓ OK
[297] Generating: I cant remember what John was doing yesterday afte...
[297] ✓ OK
[298] Generating: Ive forgotten what he said his address was....
[298] ✓ OK
[299] Generating: Ive forgotten what time he said he had dinner last...
[299] ✓ OK
[300] Generating: They called us just as we were having dinner....
[300] ✓ OK
[301] Generating: What color is your book?...
[301] ✓ OK
[302] Generating: My book has a dark blue cover....
[302] ✓ OK
[303] Generating: How much does that typewriter weigh?...
[303] ✓ OK
[304] Generating: Its not too heavy, but I dont know the exact weigh...
[304] ✓ OK
[305] Generating: This round table weighs about forty-five pounds....
[305] ✓ OK
[306] Generating: What size suitcase do you own?...
[306] ✓ OK
[307] Generating: One of my suitcases is small, and the other one is...
[307] ✓ OK
[308] Generating: I like the shape of that table....
[308] ✓ OK
[309] Generating: How long is Jones Boulevard?...
[309] ✓ OK
[310] Generating: That street is only two miles long....
[310] ✓ OK
[311] Generating: Will you please measure this window to see how wid...
[311] ✓ OK
[312] Generating: This window is just as wide as that one....
[312] ✓ OK
[313] Skip (exists)
[314] Generating: This material feels soft....
[314] ✓ OK
[315] Generating: This pencil is longer than that one....
[315] ✓ OK
[316] Generating: Would you please tell Mr. Cooper that Im here?...
[316] ✓ OK
[317] Generating: Take these books home with you tonight....
[317] ✓ OK
[318] Generating: Please bring me those magazines...
[318] ✓ OK
[319] Generating: Would you help me lift this heavy box?...
[319] ✓ OK
[320] Generating: Please ask John to turn on the lights....
[320] ✓ OK
[321] Generating: Put your books down on the table....
[321] ✓ OK
[322] Generating: Get me a hammer from the kitchen, will you?...
[322] ✓ OK
[323] Generating: Hang up my coat in the closet, will you please?...
[323] ✓ OK
[324] Generating: Please dont bother me now. Im very busy....
[324] ✓ OK
[325] Generating: Would you mind mailing this letter for me?...
[325] ✓ OK
[326] Generating: If you have time, will you call me tomorrow?...
[326] ✓ OK
[327] Generating: Please pick up those cups and saucers....
[327] ✓ OK
[328] Generating: Will you do me a favor?...
[328] ✓ OK
[329] Generating: Please count the chairs in that room....
[329] ✓ OK
[330] Generating: Please pour this milk into that glass....
[330] ✓ OK
[331] Generating: Excuse me, sir. Can you give me some information?...
[331] ✓ OK
[332] Generating: Can you tell me where Peach Street is?...
[332] ✓ OK
[333] Generating: Its two blocks straight ahead....
[333] ✓ OK
[334] Generating: which direction is it to the theatre?...
[334] ✓ OK
[335] Generating: Turn right at the next corner?...
[335] ✓ OK
[336] Generating: How far is it to the university?...
[336] ✓ OK
[337] Generating: Its a long way from here....
[337] ✓ OK
[338] Generating: The school is just around the corner....
[338] ✓ OK
[339] Generating: The restaurant is across the street from the hotel...
[339] ✓ OK
[340] Generating: You cant miss it....
[340] Failed (code=0): 
[341] Generating: Do you happen to know Mr. Coopers telephone number...
[341] ✓ OK
[342] Generating: Could you tell me where the nearest telephone is?...
[342] ✓ OK
[343] Generating: Should I go this way, or that way?...
[343] ✓ OK
[344] Generating: Go that way for two blocks, then turn left....
[344] ✓ OK
[345] Generating: I beg your pardon. Is this seat taken?...
[345] ✓ OK
[346] Generating: Are you married?...
[346] ✓ OK
[347] Generating: No, Im not married. Im still single....
[347] ✓ OK
[348] Generating: Your niece is engaged, isnt she?...
[348] ✓ OK
[349] Generating: My sister has been engaged for two months....
[349] ✓ OK
[350] Generating: My grandfather got married in 1921....
[350] ✓ OK
[351] Generating: When is grandparents wedding anniversary?...
[351] ✓ OK
[352] Generating: How long have they been married?...
[352] ✓ OK
[353] Generating: Theyve been married for quite a few years....
[353] ✓ OK
[354] Generating: who did George marry?...
[354] ✓ OK
[355] Generating: Do they have children?...
[355] ✓ OK
[356] Generating: They had a baby last month....
[356] ✓ OK
[357] Generating: My son wants to get married in June....
[357] ✓ OK
[358] Generating: They dont know when the wedding will be....
[358] ✓ OK
[359] Generating: Their grandchildren are grown up now. 4...
[359] ✓ OK
[360] Generating: Shes a widow. Her husband died last year....
[360] ✓ OK
[361] Generating: Where did you grow up?...
[361] ✓ OK
[362] Generating: I grew up right here in this neighborhood....
[362] ✓ OK
[363] Generating: My friend spent his childhood in California....
[363] ✓ OK
[364] Generating: He lived in California until he was seventeen....
[364] ✓ OK
[365] Generating: There have been a lot of changes here in the last ...
[365] ✓ OK
[366] Generating: There used to be a grocery store on the corner....
[366] ✓ OK
[367] Generating: All of those houses have been built in the last te...
[367] ✓ OK
[368] Generating: Theyre building a new house up the street from me....
[368] ✓ OK
[369] Generating: If you buy that home, will you spend the rest of y...
[369] ✓ OK
[370] Generating: Are your neighbors very friendly?...
[370] ✓ OK
[371] Generating: We all know each other pretty well....
[371] ✓ OK
[372] Generating: A young married couple moved in next door to us....
[372] ✓ OK
[373] Generating: Who bought that new house down the street from you...
[373] ✓ OK
[374] Generating: An elderly man rented the big white house....
[374] ✓ OK
[375] Generating: What beautiful trees those are!...
[375] ✓ OK
[376] Generating: What time are you going to get up tomorrow morning...
[376] ✓ OK
[377] Generating: Ill probably wake up early and get up at 6:30....
[377] ✓ OK
[378] Generating: What will you do then?...
[378] ✓ OK
[379] Generating: After I get dressed, Ill have breakfast....
[379] ✓ OK
[380] Generating: What will you have for breakfast tomorrow morning?...
[380] ✓ OK
[381] Generating: Ill probably have eggs and toast for breakfast....
[381] ✓ OK
[382] Generating: After breakfast, Ill get ready ro go to work....
[382] ✓ OK
[383] Generating: Ill leave the house at 8:00 and get to the office ...
[383] ✓ OK
[384] Generating: Ill probably go out for lunch at about 12:30....
[384] ✓ OK
[385] Generating: Ill finish working at 5:30 and get home by 6 ocloc...
[385] ✓ OK
[386] Generating: Are you going to have dinner at home tomorrow nigh...
[386] ✓ OK
[387] Generating: Do you think youll go to the movies tomorrow night...
[387] ✓ OK
[388] Generating: Ill probably stay home and watch television....
[388] ✓ OK
[389] Generating: When I get sleepy, Ill probably get ready for bed....
[389] ✓ OK
[390] Generating: Do you think youll be able to go to sleep right aw...
[390] ✓ OK
[391] Generating: How is the weather today?...
[391] ✓ OK
[392] Generating: The weather is nice today....
[392] ✓ OK
[393] Generating: What was the weather like yesterday?...
[393] ✓ OK
[394] Generating: Y esterday it rained all day....
[394] ✓ OK
[395] Generating: What will the weather be like tomorrow?...
[395] ✓ OK
[396] Generating: Its going to snow tomorrow....
[396] ✓ OK
[397] Generating: Its quite cold today....
[397] ✓ OK
[398] Generating: Its been cloudy all morning....
[398] ✓ OK
[399] Generating: Is it raining now?...
[399] ✓ OK
[400] Generating: Itll probably clear up this afternoon....
[400] ✓ OK
[401] Generating: The days are getting hotter....
[401] ✓ OK
[402] Generating: Today is the first day of spring....
[402] ✓ OK
[403] Generating: Whats the temperature today?...
[403] ✓ OK
[404] Generating: Its about seventy degrees Fahrenheit this afternoo...
[404] ✓ OK
[405] Generating: Theres a cool breeze this evening....
[405] ✓ OK
[406] Generating: How are you feeling today?...
[406] ✓ OK
[407] Generating: I dont feel very well this morning....
[407] ✓ OK
[408] Generating: I was sick yesterday, but Im better today....
[408] ✓ OK
[409] Generating: My fever is gone, but I still have a cough. 410.My...
[409] ✓ OK
[410] Generating: My brother has a bad headache....
[410] ✓ OK
[411] Generating: Which of your arms is sore?...
[411] ✓ OK
[412] Generating: My right arm hurts. It hurts right here....
[412] ✓ OK
[413] Generating: Whats matter with you?...
[413] ✓ OK
[414] Generating: Ive got a pain in my back....
[414] ✓ OK
[415] Generating: Which foot hurts? Is it the left one?...
[415] ✓ OK
[416] Generating: How did you break your leg?...
[416] ✓ OK
[417] Generating: I slipped on the stairs and fell down. I broke my ...
[417] ✓ OK
[418] Generating: Your right hand is swollen. Does it hurt?...
[418] ✓ OK
[419] Generating: Its bleeding. Youd better go see a doctor about th...
[419] ✓ OK
[420] Generating: I hope youll be well soon....
[420] ✓ OK
[421] Generating: I get out of bed about 7 oclock every morning....
[421] ✓ OK
[422] Generating: After getting up, I go into the bathroom and take ...
[422] ✓ OK
[423] Generating: Then, I shave, brush my teeth and comb my hair....
[423] ✓ OK
[424] Generating: After brushing my teeth, I put on my clothes....
[424] ✓ OK
[425] Generating: After that, I go downstairs to the kitchen to have...
[425] ✓ OK
[426] Generating: After eating breakfast, I go back upstairs again....
[426] ✓ OK
[427] Generating: Then, its usually time to wake up my little brothe...
[427] ✓ OK
[428] Generating: He cant dress himself yet because hes too young....
[428] ✓ OK
[429] Generating: I wash his face and hands, and then I dress him....
[429] ✓ OK
[430] Generating: He tries to button his own shirt, but he cant do i...
[430] ✓ OK
[431] Generating: My little brother takes a bath before he goes to b...
[431] ✓ OK
[432] Generating: He always forgets to wash behind his ears....
[432] ✓ OK
[433] Generating: Im always tired when I come home from work....
[433] ✓ OK
[434] Generating: At bedtime, I take off my clothes and put on my pa...
[434] ✓ OK
[435] Generating: I get into bed at about 11:30 and go right off to ...
[435] ✓ OK
[436] Generating: What do you think? Is that right?...
[436] ✓ OK
[437] Generating: Certainly. Y oure absolutely right about that....
[437] ✓ OK
[438] Generating: I think youre mistaken about that....
[438] ✓ OK
[439] Generating: I like hot weather best....
[439] ✓ OK
[440] Generating: Personally, I prefer winter weather....
[440] ✓ OK
[441] Generating: Do you think its going to rain tomorrow?...
[441] ✓ OK
[442] Generating: I dont know whether it will rain or not....
[442] ✓ OK
[443] Generating: In my opinion, thats an excellent idea....
[443] ✓ OK
[444] Generating: why Mr. Cooper so tired? Do you have any idea?...
[444] ✓ OK
[445] Generating: Hes tired because he worked hard all day today....
[445] ✓ OK
[446] Generating: What do you think of my children?...
[446] ✓ OK
[447] Generating: I think you have very attractive children....
[447] ✓ OK
[448] Skip (exists)
[449] Generating: Do you really want to know what I think?...
[449] ✓ OK
[450] Generating: Of course I want to know what your opinion is....
[450] ✓ OK
[451] Generating: What do you plan to do tomorrow?...
[451] ✓ OK
[452] Generating: I doubt that Ill do anything tomorrow....
[452] ✓ OK
[453] Generating: Please excuse me for a little while. I want to do ...
[453] ✓ OK
[454] Generating: I imagine Ill do some work instead of going to the...
[454] ✓ OK
[455] Generating: Will it be convenient for you to explain your plan...
[455] ✓ OK
[456] Generating: Theres nothing to do because tomorrow is a holiday...
[456] ✓ OK
[457] Generating: Whats your brother planning to do tomorrow?...
[457] ✓ OK
[458] Generating: He cant decide what to do....
[458] ✓ OK
[459] Generating: Its difficult to make a decision without knowing a...
[459] ✓ OK
[460] Generating: Were trying to plan our future....
[460] ✓ OK
[461] Generating: Thats a good idea....
[461] ✓ OK
[462] Generating: Im hoping to spend a few days in the mountains....
[462] ✓ OK
[463] Generating: Would you consider going north this summer?...
[463] ✓ OK
[464] Generating: If theres a chance youll go, Id like to go with yo...
[464] ✓ OK
[465] Generating: After you think it over, please let me know what y...
[465] ✓ OK
[466] Generating: Im anxious to know what your decision is....
[466] ✓ OK
[467] Generating: Im confident youve made the right choice....
[467] ✓ OK
[468] Generating: I want to persuade you to change your mind....
[468] ✓ OK
[469] Generating: Will you accept my advice?...
[469] ✓ OK
[470] Generating: What have you decided?...
[470] ✓ OK
[471] Generating: Ive definitely decided to go to California....
[471] ✓ OK
[472] Generating: He didnt want to say anything to influence my deci...
[472] ✓ OK
[473] Generating: She refuses to make up her mind....
[473] ✓ OK
[474] Generating: I assume youve decided against buying a new car....
[474] ✓ OK
[475] Generating: It took him a long time to make up his mind....
[475] ✓ OK
[476] Generating: You can go whenever you wish....
[476] ✓ OK
[477] Generating: Were willing to accept your plan....
[477] ✓ OK
[478] Generating: He knows its inconvenient, but he wants to go anyw...
[478] ✓ OK
[479] Generating: According to Mr. Green, this is a complicated prob...
[479] ✓ OK
[480] Generating: She insists that it doesnt make any difference to ...
[480] ✓ OK
[481] Generating: Are you going to go anyplace this year?...
[481] ✓ OK
[482] Generating: If I have enough money, Im going to take a trip ab...
[482] ✓ OK
[483] Generating: How are you going? Are you going by boat?...
[483] ✓ OK
[484] Generating: Its faster to go by plane than by boat....
[484] ✓ OK
[485] Generating: Whats the quickest way to get there?...
[485] ✓ OK
[486] Generating: Altogether it will take ten days to make the trip....
[486] ✓ OK
[487] Generating: I hope you have a good time on your trip....
[487] ✓ OK
[488] Generating: Im leaving tomorrow, but I havent packed my suitca...
[488] ✓ OK
[489] Generating: Im going by air. I like flying....
[489] ✓ OK
[490] Generating: My brother took a trip to Mexico....
[490] ✓ OK
[491] Generating: It was a six-hour flight....
[491] ✓ OK
[492] Generating: How many passengers were on the train?...
[492] ✓ OK
[493] Generating: His friend was injured in an airplane crash....
[493] ✓ OK
[494] Generating: Would you like to go for a walk?...
[494] ✓ OK
[495] Generating: Lets go out to the airport. The plane landed ten m...
[495] ✓ OK
[496] Generating: Im going shopping because I need to buy some cloth...
[496] ✓ OK
[497] Generating: If this shirt doesnt fit, may I bring it back late...
[497] ✓ OK
[498] Generating: What size shoes do you wear?...
[498] ✓ OK
[499] Generating: That suit looks very good on you....
[499] ✓ OK
[500] Generating: This dress is made of silk, isnt it?...
[500] ✓ OK
[501] Generating: Id like to try on this sweater....
[501] ✓ OK
[502] Generating: Im interested in buying a new car....
[502] ✓ OK
[503] Generating: Whats the price of that electric iron?...
[503] ✓ OK
[504] Generating: How much is this rug?...
[504] ✓ OK
[505] Generating: Is this toothpaste on sale today?...
[505] ✓ OK
[506] Generating: Thats a beautiful leather wallet, but it costs too...
[506] ✓ OK
[507] Generating: How much do I owe you?...
[507] ✓ OK
[508] Generating: That will be eighteen dollars and seventy-five cen...
[508] ✓ OK
[509] Generating: Do you have change for a twenty-dollar bill?...
[509] ✓ OK
[510] Generating: The clerk helped me find what I wanted....
[510] ✓ OK
[511] Generating: What would you like to eat?...
[511] ✓ OK
[512] Generating: Id like a bowl of tomato soup, please....
[512] ✓ OK
[513] Skip (exists)
[514] Generating: Which would you rather have--steak or fish?...
[514] ✓ OK
[515] Generating: I want my steak well-done....
[515] ✓ OK
[516] Generating: What kinds of vegetables do you have?...
[516] ✓ OK
[517] Generating: Ill have mashed potatoes and green beans....
[517] ✓ OK
[518] Generating: Would you please pass the salt?...
[518] ✓ OK
[519] Generating: They serve good food in this restaurant....
[519] ✓ OK
[520] Generating: Are you ready for your dessert now?...
[520] ✓ OK
[521] Generating: This knife is dirty. Would you bring me a clean on...
[521] ✓ OK
[522] Generating: May I have the check, please?...
[522] ✓ OK
[523] Generating: You have your choice of three flavors of ice cream...
[523] ✓ OK
[524] Generating: We have vanilla, chocolate, and strawberry....
[524] ✓ OK
[525] Generating: We invited two guests to dinner, but they didnt co...
[525] ✓ OK
[526] Skip (exists)
[527] Generating: The feature started at 9 oclock and ended at 11:30...
[527] ✓ OK
[528] Generating: They say the new film is an adventure story....
[528] ✓ OK
[529] Generating: A group of us went out to the theater last night....
[529] ✓ OK
[530] Generating: The new play was good and everybody enjoyed it....
[530] ✓ OK
[531] Generating: By the time we got there, the play had already beg...
[531] ✓ OK
[532] Generating: The usher showed us to our seats....
[532] ✓ OK
[533] Generating: The cast of the play included a famous actor....
[533] ✓ OK
[534] Generating: After the play was over, we all wanted to get some...
[534] ✓ OK
[535] Generating: There was a big crowd and we had difficulty gettin...
[535] ✓ OK
[536] Generating: The restaurant was filled, so we decided to go els...
[536] ✓ OK
[537] Generating: My brother wants to learn how to dance....
[537] ✓ OK
[538] Generating: We dont go dancing very often....
[538] ✓ OK
[539] Generating: Which would you rather do--go dancing or go to a p...
[539] ✓ OK
[540] Generating: Im not accustomed to going out after dark....
[540] ✓ OK
[541] Generating: Id like to make an appointment to see Mr. Cooper....
[541] ✓ OK
[542] Generating: Would you like to arrange for a personal interview...
[542] ✓ OK
[543] Generating: Your appointment will be next Thursday at 10 ocloc...
[543] ✓ OK
[544] Generating: I can come any day except Thursday. 6...
[544] ✓ OK
[545] Generating: He wants to change his appointment from Monday to ...
[545] ✓ OK
[546] Generating: She failed to call the office to cancel her appoin...
[546] ✓ OK
[547] Generating: Im going to call the employment agency for a job....
[547] ✓ OK
[548] Generating: Please fill in this application form....
[548] ✓ OK
[549] Generating: Are you looking for a permanent position?...
[549] ✓ OK
[550] Generating: Im going to call a plumber to come this afternoon....
[550] ✓ OK
[551] Generating: I couldnt keep the appointment because I was sick....
[551] ✓ OK
[552] Generating: Im a new employee. I was hired yesterday....
[552] ✓ OK
[553] Generating: Please call before you come, otherwise we might no...
[553] ✓ OK
[554] Generating: Lets make a date to go shopping next Thursday....
[554] ✓ OK
[555] Generating: Will you please lock the door when you leave?...
[555] ✓ OK
[556] Generating: I went to see my doctor for a check-up yesterday....
[556] ✓ OK
[557] Generating: The doctor discovered that Im a little overweight....
[557] ✓ OK
[558] Generating: He gave me a chest X-ray and took my blood pressur...
[558] ✓ OK
[559] Generating: He told me to take these pills every four hours....
[559] ✓ OK
[560] Generating: Do you think the patient can be cured?...
[560] ✓ OK
[561] Generating: They operated on him last night....
[561] ✓ OK
[562] Generating: He needed a blood transfusion....
[562] ✓ OK
[563] Generating: My uncle had a heart attack last year....
[563] ✓ OK
[564] Generating: They had to call in a heart specialist....
[564] ✓ OK
[565] Generating: What did the doctor say?...
[565] ✓ OK
[566] Generating: The doctor advised me to get plenty of exercise....
[566] ✓ OK
[567] Generating: The doctor said I look pale....
[567] ✓ OK
[568] Generating: If I want to be healthy, I have to stop smoking ci...
[568] ✓ OK
[569] Generating: The physician said smoking is harmful to my health...
[569] ✓ OK
[570] Generating: Its just a mosquito bite. Theres nothing to worry ...
[570] ✓ OK
[571] Generating: Y oure wanted on the telephone....
[571] ✓ OK
[572] Generating: What number should I dial to get the operator?...
[572] ✓ OK
[573] Generating: I want to make a long distance call....
[573] ✓ OK
[574] Generating: Pick up the receiver and deposit a coin in the slo...
[574] ✓ OK
[575] Generating: I tried to call Mr. Cooper, but the line was busy....
[575] ✓ OK
[576] Generating: You must have dialed the wrong number....
[576] ✓ OK
[577] Generating: I dialed the right number, but nobody answered....
[577] ✓ OK
[578] Generating: The telephone is ringing, would you answer it, ple...
[578] ✓ OK
[579] Generating: Would you like to leave a message?...
[579] ✓ OK
[580] Generating: Who is this? I dont recognize your voice....
[580] ✓ OK
[581] Generating: Would you please tell Mr. Cooper I called?...
[581] ✓ OK
[582] Generating: Is this Empire 5-4093?...
[582] ✓ OK
[583] Generating: I have to hang up now....
[583] ✓ OK
[584] Generating: Put the receiver closer to your mouth. I cant hear...
[584] ✓ OK
[585] Generating: Would you mind calling back sometime tomorrow?...
[585] ✓ OK
[586] Generating: How long has it been since youve heard from your u...
[586] ✓ OK
[587] Generating: When was the last time he wrote you?...
[587] ✓ OK
[588] Generating: I cant recall how long its been....
[588] ✓ OK
[589] Generating: Im always disappointed when I dont get any mail....
[589] ✓ OK
[590] Generating: I feel guilty because I havent written her lately....
[590] ✓ OK
[591] Generating: What time is the mail delivered on Saturday?...
[591] ✓ OK
[592] Generating: The postman always comes at 2 oclock....
[592] ✓ OK
[593] Generating: I wrote to my uncle last night. I couldnt put it o...
[593] ✓ OK
[594] Generating: I enclosed some photographs in my letter....
[594] ✓ OK
[595] Generating: I didnt know whether to send the letter airmail or...
[595] ✓ OK
[596] Generating: How long does it take for a letter to get to Calif...
[596] ✓ OK
[597] Generating: Dont forget to put stamps on the letter before you...
[597] ✓ OK
[598] Generating: He went to the post office to mail a letter....
[598] ✓ OK
[599] Generating: I dropped the letter in the mailbox on the corner....
[599] ✓ OK
[600] Generating: How did you sign the letter? Did you write, sincer...
[600] ✓ OK
[601] Generating: A strange thing happened to me this morning....
[601] ✓ OK
[602] Generating: I was crossing the street and was almost hit by a ...
[602] ✓ OK
[603] Generating: Fortunately, I jumped back in time to avoid being ...
[603] ✓ OK
[604] Generating: It was a terrible experience, and I wont forget it...
[604] ✓ OK
[605] Generating: Yesterday was such a beautiful day we decided to g...
[605] ✓ OK
[606] Generating: We prepared a picnic lunch and drove down by the r...
[606] ✓ OK
[607] Generating: After a while, we found a shady place under some p...
[607] ✓ OK
[608] Generating: On the way back home, we had a flat tire....
[608] ✓ OK
[609] Generating: It was after dark when we got back, and we were al...
[609] ✓ OK
[610] Generating: I wish you would gi ve me a more detailed descript...
[610] ✓ OK
[611] Generating: Speaking of trips, did I ever tell you about the e...
[611] ✓ OK
[612] Generating: We used to have a lot of fun when we were that age...
[612] ✓ OK
[613] Generating: I cant recall the exact circumstances....
[613] ✓ OK
[614] Generating: I never realized that someday I would be living in...
[614] ✓ OK
[615] Generating: We never imagined that John would become a doctor....
[615] ✓ OK
[616] Generating: Were looking for a house to rent for the summer....
[616] Failed (code=0): 
[617] Generating: Are you trying to find a furnished house?...
[617] Failed (code=0): 
[618] Generating: This split-level house is for rent. Its a bargain....
[618] Failed (code=0): 
[619] Generating: That house is for sale. It has central heating....
[619] ✓ OK
[620] Generating: We have a few kitchen things and a dining room set...
[620] ✓ OK
[621] Generating: This is an interesting floor plan. Please show me ...
[621] ✓ OK
[622] Generating: The roof has leaks in it, and the front steps need...
[622] ✓ OK
[623] Generating: Weve got to get a bed and a dresser for the bedroo...
[623] ✓ OK
[624] Generating: Does the back door have a lock on it?...
[624] ✓ OK
[625] Generating: Theyve already turned on the electricity. The hous...
[625] ✓ OK
[626] Generating: Im worried about the appearance of the floor....
[626] ✓ OK
[627] Generating: If you want a towel, look in the linen closet....
[627] ✓ OK
[628] Generating: What style furniture do you have? Is it traditiona...
[628] ✓ OK
[629] Generating: We have drapes for the living room , but we need k...
[629] ✓ OK
[630] Generating: The house needs painting. Its in bad condition....
[630] ✓ OK
[631] Generating: What do you going to wear today?...
[631] ✓ OK
[632] Generating: Im going to wear my blue suit. Is that all right?...
[632] ✓ OK
[633] Generating: I have two suits to send to the cleaners....
[633] ✓ OK
[634] Generating: I have some shirts to send to the laundry. 7...
[634] ✓ OK
[635] Generating: You ought to have that coat cleaned and pressed....
[635] ✓ OK
[636] Generating: Ive got to get this shirt washed and ironed....
[636] ✓ OK
[637] Generating: All my suits are dirty. I dont have anything to we...
[637] ✓ OK
[638] Generating: Youd better wear a light jacket. Its chilly today....
[638] ✓ OK
[639] Generating: This dress doesnt fit me anymore....
[639] ✓ OK
[640] Generating: I guess Ive outgrown this pair of trousers....
[640] ✓ OK
[641] Generating: These shoes are worn-out. Theyve lasted a long tim...
[641] ✓ OK
[642] Generating: I cant fasten this collar button....
[642] ✓ OK
[643] Generating: Why dont you get dressed now? Put on your work clo...
[643] ✓ OK
[644] Generating: My brother came in, changed his clothes, and went ...
[644] ✓ OK
[645] Generating: I didnt notice you were wearing your new hat....
[645] ✓ OK
[646] Generating: Y ou have your point of view, and I have mine....
[646] ✓ OK
[647] Generating: Y ou approach it in a different way than I do....
[647] ✓ OK
[648] Generating: I wont argue with you, but I think youre being unf...
[648] ✓ OK
[649] Generating: Thats a liberal point of view....
[649] ✓ OK
[650] Generating: He seems to have a lot of strange ideas....
[650] ✓ OK
[651] Generating: I dont see any point in discussing the question an...
[651] ✓ OK
[652] Generating: What alternatives do I have?...
[652] ✓ OK
[653] Generating: Everyone is entitled to his own opinion....
[653] ✓ OK
[654] Generating: There are always two sides to everything....
[654] ✓ OK
[655] Generating: We have opposite views on this....
[655] ✓ OK
[656] Generating: Please forgive me. I didnt mean to start an argume...
[656] ✓ OK
[657] Generating: I must know your opinion. Do you agree with me?...
[657] ✓ OK
[658] Generating: What point are you trying to make?...
[658] ✓ OK
[659] Generating: Our views are not so far apart, after all....
[659] ✓ OK
[660] Generating: We should be able to resolve our differences....
[660] Failed (code=0): 
[661] Generating: If it doesnt rain tomorrow, I think Ill go shoppin...
[661] ✓ OK
[662] Generating: Theres a possibility well go, but it all depends o...
[662] ✓ OK
[663] Generating: If I have time tomorrow, I think Ill get a haircut...
[663] ✓ OK
[664] Generating: I hope I remember to ask the barber not to cut my ...
[664] ✓ OK
[665] Generating: My son wants to be a policeman when he grows up....
[665] ✓ OK
[666] Generating: If I get my work finished in time , Ill leave for ...
[666] ✓ OK
[667] Generating: Suppose you couldnt go on the trip. How would you ...
[667] ✓ OK
[668] Generating: What would you say if I told you I couldnt go with...
[668] ✓ OK
[669] Generating: If I buy the car, Ill have to borrow some money....
[669] ✓ OK
[670] Generating: If I went with you, Id have to be back by six oclo...
[670] ✓ OK
[671] Generating: One of these days, Id like to take a vacation....
[671] ✓ OK
[672] Generating: As soon as I can, Im going to change jobs....
[672] ✓ OK
[673] Generating: Theres a chance he wont be able to be home for Chr...
[673] ✓ OK
[674] Generating: We may be able to help you in some way....
[674] ✓ OK
[675] Generating: If you were to attend the banquet, what would you ...
[675] ✓ OK
[676] Generating: What would you have done last night if you hadnt h...
[676] ✓ OK
[677] Generating: I would have gone on the picnic if it hadnt rained...
[677] ✓ OK
[678] Generating: If you had gotten up earlier , you would have had ...
[678] ✓ OK
[679] Generating: If I had had time, I would have called you....
[679] ✓ OK
[680] Generating: Would he have seen you if you hadnt waved to him? ...
[680] ✓ OK
[681] Generating: If I had known that you were coming, I would have ...
[681] ✓ OK
[682] Generating: If he had tried to leave the country, he would hav...
[682] ✓ OK
[683] Generating: If you hadn t slipped an d fallen , you wouldn t h...
[683] ✓ OK
[684] Generating: If you had told me earlier, I could have helped yo...
[684] ✓ OK
[685] Generating: If he had known the truth, he would have been very...
[685] ✓ OK
[686] Generating: If she had worked harder, she would have succeeded...
[686] ✓ OK
[687] Generating: If they had left earlier, they would have caught t...
[687] ✓ OK
[688] Generating: If I had seen him, I would have spoken to him....
[688] ✓ OK
[689] Generating: If we had known about the party, we would have com...
[689] ✓ OK
[690] Generating: If you had asked me, I would have told you....
[690] ✓ OK
[691] Generating: What is it you dont like about winter weather?...
[691] ✓ OK
[692] Generating: I dont like it when the weather gets real cold....
[692] ✓ OK
[693] Generating: I cant stand summer weather....
[693] ✓ OK
[694] Generating: The thing I dont like about driving is all the tra...
[694] ✓ OK
[695] Generating: He doesnt like the idea of going to bed early....
[695] ✓ OK
[696] Generating: I like to play tennis, but Im not a very good play...
[696] ✓ OK
[697] Generating: I dont like spinach even though I know its good fo...
[697] ✓ OK
[698] Generating: Im afraid youre being too particular about your fo...
[698] ✓ OK
[699] Generating: He always finds fault with everything....
[699] ✓ OK
[700] Generating: She doesnt like anything I do or say....
[700] ✓ OK
[701] Generating: You have wonderful taste in clothes....
[701] ✓ OK
[702] Generating: Whats your favorite pastime?...
[702] ✓ OK
[703] Generating: What did you like best about the movie?...
[703] ✓ OK
[704] Generating: I didnt like the taste of the medicine, but I took...
[704] ✓ OK
[705] Generating: Why do you dislike the medicine so much?...
[705] ✓ OK
[706] Generating: If you want my advice, I dont think you should go....
[706] ✓ OK
[707] Skip (exists)
[708] Generating: Its only a suggestion, and you can do what you ple...
[708] ✓ OK
[709] Generating: Let me give you a little fatherly advice....
[709] ✓ OK
[710] Generating: If you dont like it , I wish you would say so....
[710] ✓ OK
[711] Generating: Please dont take offense. I only wanted to tell yo...
[711] ✓ OK
[712] Generating: In my opinion, the house isnt worth the price they...
[712] ✓ OK
[713] Generating: My feeling is that you ought to stay home tonight....
[713] ✓ OK
[714] Generating: Its none of my business, but I think you ought to ...
[714] ✓ OK
[715] Generating: In general, my reaction is favorable....
[715] ✓ OK
[716] Generating: If you dont take my advice, youll be sorry....
[716] ✓ OK
[717] Generating: Ive always tried not to interfere in your affairs....
[717] ✓ OK
[718] Generating: Im old enough to make up my own mind....
[718] ✓ OK
[719] Generating: Thanks for the advice, but this is something I hav...
[719] ✓ OK
[720] Generating: He wont pay attention to anybody. Youre just wasti...
[720] ✓ OK
[721] Generating: Would you please hold the door open for me?...
[721] ✓ OK
[722] Generating: Y oure very kind to take the trouble to help me....
[722] ✓ OK
[723] Generating: I wish I could repay you somehow for your kindness...
[723] ✓ OK
[724] Generating: Im afraid it was a bother for you to do this....
[724] ✓ OK
[725] Generating: It wasnt any bother. I was glad to do it....
[725] ✓ OK
[726] Generating: Theres just one last favor I need to ask of you....
[726] ✓ OK
[727] Generating: Id be happy to help you in any way I can....
[727] ✓ OK
[728] Generating: Would you mind giving me a push? My car has stalle...
[728] ✓ OK
[729] Generating: Would you be so kind as to open this window for me...
[729] ✓ OK
[730] Generating: If theres anything else I can do, please let me kn...
[730] ✓ OK
[731] Generating: This is the last time Ill ever ask you to do anyth...
[731] ✓ OK
[732] Generating: I certainly didnt intend to cause you so much inco...
[732] ✓ OK
[733] Generating: Hell always be indebted to you for what youve done...
[733] ✓ OK
[734] Generating: Could you lend me ten dollars? I left my wallet at...
[734] ✓ OK
[735] Generating: Id appreciate it if you would turn out the lights....
[735] ✓ OK
[736] Generating: I didnt realize the time had passed so quickly....
[736] ✓ OK
[737] Generating: Ive got a lot of things to do before I can leave....
[737] ✓ OK
[738] Generating: For one thing, Ive got to drop by the bank to get ...
[738] ✓ OK
[739] Generating: Itll take almost all my savings to buy the ticket....
[739] ✓ OK
[740] Generating: Oh , I just remembered something! I have to apply ...
[740] ✓ OK
[741] Generating: I almost forgot to have the phone disconnected....
[741] ✓ OK
[742] Generating: Its a good thing you reminded me to take my heavy ...
[742] ✓ OK
[743] Generating: I never would have thought of it if you hadnt ment...
[743] ✓ OK
[744] Generating: Ill see you off at the airport....
[744] ✓ OK
[745] Generating: Theyre calling your flight now. You barely have ti...
[745] ✓ OK
[746] Generating: Youd better run or youre going to be left behind....
[746] ✓ OK
[747] Generating: Dont forget to cable to let us know you arrived sa...
[747] ✓ OK
[748] Generating: Im sure Ive forgotten something, but its too late ...
[748] ✓ OK
[749] Generating: Do you have anything to declare for customs?...
[749] ✓ OK
[750] Generating: You dont have to pay any duty on personal belongin...
[750] ✓ OK
[751] Generating: Whats your nationality? Are you American?...
[751] ✓ OK
[752] Generating: What part of the world do you come from?...
[752] ✓ OK
[753] Generating: Im an American by birth....
[753] ✓ OK
[754] Generating: I was born in Spain, but Im a citizen of France....
[754] ✓ OK
[755] Generating: Do you know what the population of Japan is?...
[755] ✓ OK
[756] Generating: Whats the area of the Congo in square miles?...
[756] ✓ OK
[757] Generating: Who is the governor of this state?...
[757] ✓ OK
[758] Generating: According to the latest census, our population has...
[758] ✓ OK
[759] Generating: Politically, the country is divided into fifty sta...
[759] ✓ OK
[760] Generating: The industrial area is centered largely in the nor...
[760] ✓ OK
[761] Generating: The country is rich in natural resources. It has m...
[761] ✓ OK
[762] Generating: This nation is noted for its economic stability....
[762] ✓ OK
[763] Generating: How old do you have to be to vote in the national ...
[763] ✓ OK
[764] Generating: Today we celebrate our day of independence. Its a ...
[764] ✓ OK
[765] Generating: My home is in the capital. Its a cosmopolitan city...
[765] ✓ OK
[766] Generating: Geographically , this country is located in the so...
[766] ✓ OK
[767] Generating: Its a beautiful country with many large lakes....
[767] ✓ OK
[768] Generating: This part of the country is very mountainous....
[768] ✓ OK
[769] Generating: The land in this region is dry and parched....
[769] ✓ OK
[770] Generating: Along the northern coast there are many high cliff...
[770] ✓ OK
[771] Generating: There are forests here, and lumbering is important...
[771] ✓ OK
[772] Generating: The scenery is beautiful near the Pacific Ocean....
[772] ✓ OK
[773] Generating: This mountain range has many high peaks and deep c...
[773] ✓ OK
[774] Generating: what kind of climate do you have? Is it mild?...
[774] ✓ OK
[775] Generating: How far is it from the shore of the Atlantic to th...
[775] ✓ OK
[776] Generating: Is the coastal plain good for farming?...
[776] ✓ OK
[777] Generating: Whats the longest river in the United States?...
[777] ✓ OK
[778] Generating: Are most of the lakes located in the north central...
[778] ✓ OK
[779] Generating: As you travel westward, does the land get higher?...
[779] ✓ OK
[780] Generating: The weather is warm and sunny here. Do you get muc...
[780] ✓ OK
[781] Generating: Children enter school at the age of five, dont the...
[781] ✓ OK
[782] Generating: In elementary school, the child learns to read and...
[782] ✓ OK
[783] Generating: In secondary school, children get more advanced kn...
[783] ✓ OK
[784] Generating: In universities, students train to become teachers...
[784] ✓ OK
[785] Generating: He went to grade school in New York and high schoo...
[785] ✓ OK
[786] Generating: In college I majored in science. What was your maj...
[786] ✓ OK
[787] Generating: My sister graduated from high school. Graduation w...
[787] ✓ OK
[788] Generating: Im a graduate of Yale University. I have a Bachelo...
[788] ✓ OK
[789] Generating: If you expect to enter the university, you should ...
[789] ✓ OK
[790] Generating: This is my first year of college. Im a freshman....
[790] ✓ OK
[791] Generating: My uncle is a high school principal....
[791] ✓ OK
[792] Generating: What kind of grades did you make in college?...
[792] ✓ OK
[793] Generating: During your first year of college, did you make st...
[793] ✓ OK
[794] Generating: My brother is a member of the faculty. He teaches ...
[794] ✓ OK
[795] Generating: John has extracurricular activities. Hes on the fo...
[795] ✓ OK
[796] Generating: Im a federal employee. I work for the Department o...
[796] ✓ OK
[797] Generating: What kind of work do you do? Are you a salesman?...
[797] ✓ OK
[798] Generating: As soon as I complete my training, Im going to be ...
[798] ✓ OK
[799] Generating: John has built up his own business. He owns a hote...
[799] ✓ OK
[800] Generating: What do you want to be when you grow up?...
[800] ✓ OK
[801] Generating: I like painting, but I wouldnt want it to be my li...
[801] ✓ OK
[802] Generating: Have you ever thought about a career in the medica...
[802] ✓ OK
[803] Generating: My uncle was a pilot with the airlines. He just re...
[803] ✓ OK
[804] Generating: My brothers in the army. He was just promoted to t...
[804] ✓ OK
[805] Generating: I have a good-paying job with excellent hours....
[805] ✓ OK
[806] Generating: My sister worked as a secretary before she got mar...
[806] ✓ OK
[807] Generating: Georges father is an attorney. He has his own prac...
[807] ✓ OK
[808] Generating: He always takes pride in his work. Hes very effici...
[808] ✓ OK
[809] Generating: Mr. Smith is a politician. Hes running for electio...
[809] ✓ OK
[810] Generating: After a successful career in business , he was app...
[810] ✓ OK
[811] Generating: Because of the warm and sunny weather , oranges gr...
[811] ✓ OK
[812] Generating: In this flat country people grow wheat and corn an...
[812] ✓ OK
[813] Generating: The ground around here is stony and not very good ...
[813] ✓ OK
[814] Generating: What are the principal farm products in this regio...
[814] ✓ OK
[815] Generating: Milk, butter, and cheese are shipped here from the...
[815] ✓ OK
[816] Generating: They had to cut down a lot of trees to make room f...
[816] ✓ OK
[817] Generating: At this time of the year farmers plow their fields...
[817] ✓ OK
[818] Generating: On many farms youll find cows and chickens....
[818] ✓ OK
[819] Generating: If you have cows you have to get up early to do th...
[819] ✓ OK
[820] Generating: Tractors have revolutionized farming....
[820] ✓ OK
[821] Generating: In the United States, there are many factories for...
[821] ✓ OK
[822] Generating: Factories employ both male and female workers....
[822] ✓ OK
[823] Generating: If you work in a factory, you usually have to punc...
[823] ✓ OK
[824] Generating: Is meat packing a big industry in your country?...
[824] ✓ OK
[825] Generating: Is it true that manufacturing of automobiles is a ...
[825] ✓ OK
[826] Generating: My hobby is collecting stamps. Do you have a hobby...
[826] ✓ OK
[827] Generating: Ive always thought photography would be an interes...
[827] ✓ OK
[828] Generating: Some people like horseback riding , but I prefer g...
[828] ✓ OK
[829] Generating: Do you have any special interests other than your ...
[829] ✓ OK
[830] Generating: Learning foreign languages is just an avocation wi...
[830] ✓ OK
[831] Generating: I find stamp collecting relaxing and it takes my m...
[831] ✓ OK
[832] Generating: On weekends I like to get my mind off my work by r...
[832] ✓ OK
[833] Generating: My cou sin is a member of a drama club. He seems t...
[833] ✓ OK
[834] Generating: He plays the piano for his own enjoyment....
[834] ✓ OK
[835] Generating: Ive gotten interested in hi-fi. Im building my own...
[835] ✓ OK
[836] Generating: Hes not a professional. He plays the piano for the...
[836] ✓ OK
[837] Generating: Ive heard of unusual hobbies, but Ive never heard ...
[837] ✓ OK
[838] Generating: The trouble with photography is that its an expens...
[838] ✓ OK
[839] Generating: That s rare set of coins. How long did it take you...
[839] ✓ OK
[840] Generating: I started a new hobby. I got tired of working in t...
[840] ✓ OK
[841] Skip (exists)
[842] Generating: My nephew is a baseball player. He is a catcher....
[842] ✓ OK
[843] Generating: When you played football, what position did you pl...
[843] ✓ OK
[844] Generating: We played a game last night. The score was tired s...
[844] ✓ OK
[845] Generating: I went to a boxing match last night. It was a good...
[845] ✓ OK
[846] Generating: When I was on the track team, I used to run the qu...
[846] ✓ OK
[847] Generating: I like fishing and hunting, but I dont like swimmi...
[847] ✓ OK
[848] Generating: My favorite winter sport is skiing. I belong to a ...
[848] ✓ OK
[849] Generating: Would you be interested in going to the horse race...
[849] ✓ OK
[850] Generating: The hardest thing to learn is to be a good loser....
[850] ✓ OK
[851] Generating: Be a good sport. Play according to the rules of th...
[851] ✓ OK
[852] Generating: Our family went camping last summer. We had to buy...
[852] ✓ OK
[853] Generating: This afte rnoon we went to the gym for a workout. ...
[853] ✓ OK
[854] Generating: What do you do for recreation? Do you have a hobby...
[854] ✓ OK
[855] Generating: My muscles are sore from playing baseball....
[855] ✓ OK
[856] Generating: I sent in a subscription to that magazine. Its put...
[856] ✓ OK
[857] Generating: If you subscribe to the newspaper , itll be delive...
[857] ✓ OK
[858] Generating: I didn t read the whole paper. I just glanced at t...
[858] ✓ OK
[859] Generating: The first chapter of the story is in this issue of...
[859] ✓ OK
[860] Generating: I havent seen the latest issue of the magazine. Is...
[860] ✓ OK
[861] Generating: Whats the total circulation of this newspaper?...
[861] ✓ OK
[862] Generating: Im looking for the classified section. Have you se...
[862] ✓ OK
[863] Generating: My brother-in-law is a reporter on The New York Ti...
[863] ✓ OK
[864] Generating: There was an article in todays paper about the ele...
[864] ✓ OK
[865] Generating: There wasnt much news in the paper today....
[865] ✓ OK
[866] Skip (exists)
[867] Generating: Did you read the article about the rescue of the t...
[867] ✓ OK
[868] Generating: Why don t you put an advertisement in the paper to...
[868] ✓ OK
[869] Generating: I got four replies to my ad about the bicycle for ...
[869] ✓ OK
[870] Generating: My son has a newspaper route. He delivers the morn...
[870] ✓ OK
[871] Generating: What channel did you watch on television last nigh...
[871] ✓ OK
[872] Generating: I don t get a good picture on my TV set. Theres so...
[872] ✓ OK
[873] Generating: You get good reception on your radio....
[873] ✓ OK
[874] Generating: Please turn the radio up. Its too low....
[874] ✓ OK
[875] Generating: Whats on following the news and weather? Do you ha...
[875] ✓ OK
[876] Generating: You ought to have Bill look at your TV. Maybe he c...
[876] ✓ OK
[877] Generating: We met one of the engineers over at the television...
[877] ✓ OK
[878] Generating: Where can I plug in the TV? Is this outlet all rig...
[878] ✓ OK
[879] Generating: I couldnt hear the program because there was too m...
[879] ✓ OK
[880] Generating: Your car radio works very well. What kind is it?...
[880] ✓ OK
[881] Generating: The next time I buy a TV set , Im going to buy a p...
[881] ✓ OK
[882] Generating: I wonder if this is a local broadcast....
[882] ✓ OK
[883] Generating: Youd get better TV reception if you had an outside...
[883] ✓ OK
[884] Generating: Most amateur radio operators build their own equip...
[884] ✓ OK
[885] Generating: Station WRC is off the air now. They signed off tw...
[885] ✓ OK
[886] Generating: Whats your favorite kind of music? Do you like jaz...
[886] ✓ OK
[887] Generating: Hes a composer of serious music. I like his music ...
[887] ✓ OK
[888] Generating: We went to a concert last night to hear the sympho...
[888] ✓ OK
[889] Generating: My brother took lessons on the trumpet for nearly ...
[889] ✓ OK
[890] Generating: You play the piano beautifully. How much do you pr...
[890] ✓ OK
[891] Generating: Ive never heard that piece before. Who wrote it?...
[891] ✓ OK
[892] Generating: Have you ever thought about becoming a professiona...
[892] ✓ OK
[893] Generating: Who is the author of this novel?...
[893] ✓ OK
[894] Generating: Ive never read a more stirring story....
[894] ✓ OK
[895] Generating: Who would you name as the greatest poet of our tim...
[895] ✓ OK
[896] Generating: This poetry is realistic. l dont care for it very ...
[896] ✓ OK
[897] Generating: Many great writers were not appreciated fully whil...
[897] ✓ OK
[898] Generating: This is a poem about frontier life in the United S...
[898] ✓ OK
[899] Generating: This writer uses vivid descriptions in his writing...
[899] ✓ OK
[900] Generating: How much do you know about the works of Henry Wads...
[900] ✓ OK

✓ Done!
